// Jest Snapshot v1, https://goo.gl/fbAQLP

exports[`Order tests Title of the book is displayed as in props 1`] = `
ShallowWrapper {
  Symbol(enzyme.__root__): [Circular],
  Symbol(enzyme.__unrendered__): <OrderView
    book={
      Object {
        "name": "Book title",
      }
    }
  />,
  Symbol(enzyme.__renderer__): Object {
    "batchedUpdates": [Function],
    "checkPropTypes": [Function],
    "getNode": [Function],
    "render": [Function],
    "simulateError": [Function],
    "simulateEvent": [Function],
    "unmount": [Function],
  },
  Symbol(enzyme.__node__): Object {
    "instance": null,
    "key": undefined,
    "nodeType": "host",
    "props": Object {
      "children": Array [
        "Book title",
        <button
          className="btn btn-primary"
          onClick={[Function]}
        >
          Remove
        </button>,
      ],
      "className": "orderView",
    },
    "ref": null,
    "rendered": Array [
      "Book title",
      Object {
        "instance": null,
        "key": undefined,
        "nodeType": "host",
        "props": Object {
          "children": "Remove",
          "className": "btn btn-primary",
          "onClick": [Function],
        },
        "ref": null,
        "rendered": "Remove",
        "type": "button",
      },
    ],
    "type": "div",
  },
  Symbol(enzyme.__nodes__): Array [
    Object {
      "instance": null,
      "key": undefined,
      "nodeType": "host",
      "props": Object {
        "children": Array [
          "Book title",
          <button
            className="btn btn-primary"
            onClick={[Function]}
          >
            Remove
          </button>,
        ],
        "className": "orderView",
      },
      "ref": null,
      "rendered": Array [
        "Book title",
        Object {
          "instance": null,
          "key": undefined,
          "nodeType": "host",
          "props": Object {
            "children": "Remove",
            "className": "btn btn-primary",
            "onClick": [Function],
          },
          "ref": null,
          "rendered": "Remove",
          "type": "button",
        },
      ],
      "type": "div",
    },
  ],
  Symbol(enzyme.__options__): Object {
    "adapter": ReactSixteenAdapter {
      "options": Object {
        "enableComponentDidUpdateOnSetState": true,
        "legacyContextMode": "parent",
        "lifecycles": Object {
          "componentDidUpdate": Object {
            "onSetState": true,
          },
          "getChildContext": Object {
            "calledByRenderer": false,
          },
          "getDerivedStateFromProps": true,
          "getSnapshotBeforeUpdate": true,
          "setState": Object {
            "skipsComponentDidUpdateOnNullish": true,
          },
        },
      },
    },
  },
  Symbol(enzyme.__childContext__): null,
}
`;
